// Jest Snapshot v1, https://goo.gl/fbAQLP

exports[`Pruebas de la app CounterApp Debe de mostrar <CounterApp /> correctamente por medio de snapshot. 1`] = `
<Fragment>
  <h1>
    CounterApp
  </h1>
  <h2>
    0
  </h2>
  <button
    onClick={[Function]}
  >
     -1 
  </button>
  <button
    onClick={[Function]}
  >
     Reset 
  </button>
  <button
    onClick={[Function]}
  >
     +1 
  </button>
</Fragment>
`;
