// Jest Snapshot v1, https://goo.gl/fbAQLP

exports[`Pruebas en <GifGridItemComp /> Debe de hacer match con el Snapshot  1`] = `undefined`;
